{
    "log_visit": [],
    "log_link_visit_action": [],
    "log_conversion": [],
    "log_conversion_item": [],
    "log_foo": [],
    "log_foo_bar": [],
    "log_foo_bar_baz": []
}