<?xml version="1.0" encoding="utf-8" ?>
<result>
    <row>
        <label>Arabic</label>
        <nb_uniq_visitors>1</nb_uniq_visitors>
        <nb_visits>1</nb_visits>
        <nb_actions>1</nb_actions>
        <nb_users>1</nb_users>
        <max_actions>1</max_actions>
        <sum_visit_length>0</sum_visit_length>
        <bounce_count>1</bounce_count>
        <nb_visits_converted>0</nb_visits_converted>
    </row>
    <row>
        <label>Czech</label>
        <nb_uniq_visitors>1</nb_uniq_visitors>
        <nb_visits>1</nb_visits>
        <nb_actions>1</nb_actions>
        <nb_users>1</nb_users>
        <max_actions>1</max_actions>
        <sum_visit_length>0</sum_visit_length>
        <bounce_count>1</bounce_count>
        <nb_visits_converted>0</nb_visits_converted>
    </row>
    <row>
        <label>Greek</label>
        <nb_uniq_visitors>1</nb_uniq_visitors>
        <nb_visits>1</nb_visits>
        <nb_actions>1</nb_actions>
        <nb_users>1</nb_users>
        <max_actions>1</max_actions>
        <sum_visit_length>0</sum_visit_length>
        <bounce_count>1</bounce_count>
        <nb_visits_converted>0</nb_visits_converted>
    </row>
    <row>
        <label>English</label>
        <nb_uniq_visitors>1</nb_uniq_visitors>
        <nb_visits>1</nb_visits>
        <nb_actions>1</nb_actions>
        <nb_users>1</nb_users>
        <max_actions>1</max_actions>
        <sum_visit_length>0</sum_visit_length>
        <bounce_count>1</bounce_count>
        <nb_visits_converted>0</nb_visits_converted>
    </row>
    <row>
        <label>Basque</label>
        <nb_uniq_visitors>1</nb_uniq_visitors>
        <nb_visits>1</nb_visits>
        <nb_actions>1</nb_actions>
        <nb_users>1</nb_users>
        <max_actions>1</max_actions>
        <sum_visit_length>0</sum_visit_length>
        <bounce_count>1</bounce_count>
        <nb_visits_converted>0</nb_visits_converted>
    </row>
    <row>
        <label>French</label>
        <nb_uniq_visitors>2</nb_uniq_visitors>
        <nb_visits>2</nb_visits>
        <nb_actions>2</nb_actions>
        <nb_users>2</nb_users>
        <max_actions>1</max_actions>
        <sum_visit_length>0</sum_visit_length>
        <bounce_count>2</bounce_count>
        <nb_visits_converted>0</nb_visits_converted>
    </row>
    <row>
        <label>Hausa</label>
        <nb_uniq_visitors>1</nb_uniq_visitors>
        <nb_visits>1</nb_visits>
        <nb_actions>1</nb_actions>
        <nb_users>1</nb_users>
        <max_actions>1</max_actions>
        <sum_visit_length>0</sum_visit_length>
        <bounce_count>1</bounce_count>
        <nb_visits_converted>0</nb_visits_converted>
    </row>
    <row>
        <label>Hindi</label>
        <nb_uniq_visitors>1</nb_uniq_visitors>
        <nb_visits>1</nb_visits>
        <nb_actions>1</nb_actions>
        <nb_users>1</nb_users>
        <max_actions>1</max_actions>
        <sum_visit_length>0</sum_visit_length>
        <bounce_count>1</bounce_count>
        <nb_visits_converted>0</nb_visits_converted>
    </row>
    <row>
        <label>Macedonian</label>
        <nb_uniq_visitors>1</nb_uniq_visitors>
        <nb_visits>1</nb_visits>
        <nb_actions>1</nb_actions>
        <nb_users>1</nb_users>
        <max_actions>1</max_actions>
        <sum_visit_length>0</sum_visit_length>
        <bounce_count>1</bounce_count>
        <nb_visits_converted>0</nb_visits_converted>
    </row>
    <row>
        <label>Polish</label>
        <nb_uniq_visitors>1</nb_uniq_visitors>
        <nb_visits>1</nb_visits>
        <nb_actions>1</nb_actions>
        <nb_users>1</nb_users>
        <max_actions>1</max_actions>
        <sum_visit_length>0</sum_visit_length>
        <bounce_count>1</bounce_count>
        <nb_visits_converted>0</nb_visits_converted>
    </row>
    <row>
        <label>Serbian</label>
        <nb_uniq_visitors>1</nb_uniq_visitors>
        <nb_visits>1</nb_visits>
        <nb_actions>1</nb_actions>
        <nb_users>1</nb_users>
        <max_actions>1</max_actions>
        <sum_visit_length>0</sum_visit_length>
        <bounce_count>1</bounce_count>
        <nb_visits_converted>0</nb_visits_converted>
    </row>
    <row>
        <label>Thai</label>
        <nb_uniq_visitors>1</nb_uniq_visitors>
        <nb_visits>1</nb_visits>
        <nb_actions>1</nb_actions>
        <nb_users>1</nb_users>
        <max_actions>1</max_actions>
        <sum_visit_length>0</sum_visit_length>
        <bounce_count>1</bounce_count>
        <nb_visits_converted>0</nb_visits_converted>
    </row>
    <row>
        <label>Uighur</label>
        <nb_uniq_visitors>1</nb_uniq_visitors>
        <nb_visits>1</nb_visits>
        <nb_actions>1</nb_actions>
        <nb_users>1</nb_users>
        <max_actions>1</max_actions>
        <sum_visit_length>0</sum_visit_length>
        <bounce_count>1</bounce_count>
        <nb_visits_converted>0</nb_visits_converted>
    </row>
    <row>
        <label>Unknown</label>
        <nb_uniq_visitors>2</nb_uniq_visitors>
        <nb_visits>2</nb_visits>
        <nb_actions>2</nb_actions>
        <nb_users>2</nb_users>
        <max_actions>1</max_actions>
        <sum_visit_length>0</sum_visit_length>
        <bounce_count>2</bounce_count>
        <nb_visits_converted>0</nb_visits_converted>
    </row>
    <row>
        <label>Chinese</label>
        <nb_uniq_visitors>1</nb_uniq_visitors>
        <nb_visits>1</nb_visits>
        <nb_actions>1</nb_actions>
        <nb_users>1</nb_users>
        <max_actions>1</max_actions>
        <sum_visit_length>0</sum_visit_length>
        <bounce_count>1</bounce_count>
        <nb_visits_converted>0</nb_visits_converted>
    </row>
</result>