<?xml version="1.0" encoding="utf-8" ?>
<result>
    <row>
        <label>Arabic - Qatar - (ar-qa)</label>
        <nb_uniq_visitors>1</nb_uniq_visitors>
        <nb_visits>1</nb_visits>
        <nb_actions>1</nb_actions>
        <nb_users>1</nb_users>
        <max_actions>1</max_actions>
        <sum_visit_length>0</sum_visit_length>
        <bounce_count>1</bounce_count>
        <nb_visits_converted>0</nb_visits_converted>
    </row>
    <row>
        <label>Czech - Czech Republic - (cs-cz)</label>
        <nb_uniq_visitors>1</nb_uniq_visitors>
        <nb_visits>1</nb_visits>
        <nb_actions>1</nb_actions>
        <nb_users>1</nb_users>
        <max_actions>1</max_actions>
        <sum_visit_length>0</sum_visit_length>
        <bounce_count>1</bounce_count>
        <nb_visits_converted>0</nb_visits_converted>
    </row>
    <row>
        <label>Greek - Greece - (el-gr)</label>
        <nb_uniq_visitors>1</nb_uniq_visitors>
        <nb_visits>1</nb_visits>
        <nb_actions>1</nb_actions>
        <nb_users>1</nb_users>
        <max_actions>1</max_actions>
        <sum_visit_length>0</sum_visit_length>
        <bounce_count>1</bounce_count>
        <nb_visits_converted>0</nb_visits_converted>
    </row>
    <row>
        <label>English - Namibia - (en-na)</label>
        <nb_uniq_visitors>1</nb_uniq_visitors>
        <nb_visits>1</nb_visits>
        <nb_actions>1</nb_actions>
        <nb_users>1</nb_users>
        <max_actions>1</max_actions>
        <sum_visit_length>0</sum_visit_length>
        <bounce_count>1</bounce_count>
        <nb_visits_converted>0</nb_visits_converted>
    </row>
    <row>
        <label>Basque - Spain - (eu-es)</label>
        <nb_uniq_visitors>1</nb_uniq_visitors>
        <nb_visits>1</nb_visits>
        <nb_actions>1</nb_actions>
        <nb_users>1</nb_users>
        <max_actions>1</max_actions>
        <sum_visit_length>0</sum_visit_length>
        <bounce_count>1</bounce_count>
        <nb_visits_converted>0</nb_visits_converted>
    </row>
    <row>
        <label>French - Belgium - (fr-be)</label>
        <nb_uniq_visitors>1</nb_uniq_visitors>
        <nb_visits>1</nb_visits>
        <nb_actions>1</nb_actions>
        <nb_users>1</nb_users>
        <max_actions>1</max_actions>
        <sum_visit_length>0</sum_visit_length>
        <bounce_count>1</bounce_count>
        <nb_visits_converted>0</nb_visits_converted>
    </row>
    <row>
        <label>French - Switzerland - (fr-ch)</label>
        <nb_uniq_visitors>1</nb_uniq_visitors>
        <nb_visits>1</nb_visits>
        <nb_actions>1</nb_actions>
        <nb_users>1</nb_users>
        <max_actions>1</max_actions>
        <sum_visit_length>0</sum_visit_length>
        <bounce_count>1</bounce_count>
        <nb_visits_converted>0</nb_visits_converted>
    </row>
    <row>
        <label>Hausa - Ghana - (ha-gh)</label>
        <nb_uniq_visitors>1</nb_uniq_visitors>
        <nb_visits>1</nb_visits>
        <nb_actions>1</nb_actions>
        <nb_users>1</nb_users>
        <max_actions>1</max_actions>
        <sum_visit_length>0</sum_visit_length>
        <bounce_count>1</bounce_count>
        <nb_visits_converted>0</nb_visits_converted>
    </row>
    <row>
        <label>Hindi - India - (hi-in)</label>
        <nb_uniq_visitors>1</nb_uniq_visitors>
        <nb_visits>1</nb_visits>
        <nb_actions>1</nb_actions>
        <nb_users>1</nb_users>
        <max_actions>1</max_actions>
        <sum_visit_length>0</sum_visit_length>
        <bounce_count>1</bounce_count>
        <nb_visits_converted>0</nb_visits_converted>
    </row>
    <row>
        <label>Macedonian - Macedonia, the Former Yugoslav Republic of - (mk-mk)</label>
        <nb_uniq_visitors>1</nb_uniq_visitors>
        <nb_visits>1</nb_visits>
        <nb_actions>1</nb_actions>
        <nb_users>1</nb_users>
        <max_actions>1</max_actions>
        <sum_visit_length>0</sum_visit_length>
        <bounce_count>1</bounce_count>
        <nb_visits_converted>0</nb_visits_converted>
    </row>
    <row>
        <label>Polish - Poland - (pl-pl)</label>
        <nb_uniq_visitors>1</nb_uniq_visitors>
        <nb_visits>1</nb_visits>
        <nb_actions>1</nb_actions>
        <nb_users>1</nb_users>
        <max_actions>1</max_actions>
        <sum_visit_length>0</sum_visit_length>
        <bounce_count>1</bounce_count>
        <nb_visits_converted>0</nb_visits_converted>
    </row>
    <row>
        <label>Serbian - Unknown - (sr-xx)</label>
        <nb_uniq_visitors>1</nb_uniq_visitors>
        <nb_visits>1</nb_visits>
        <nb_actions>1</nb_actions>
        <nb_users>1</nb_users>
        <max_actions>1</max_actions>
        <sum_visit_length>0</sum_visit_length>
        <bounce_count>1</bounce_count>
        <nb_visits_converted>0</nb_visits_converted>
    </row>
    <row>
        <label>Thai - Thailand - (th-th)</label>
        <nb_uniq_visitors>1</nb_uniq_visitors>
        <nb_visits>1</nb_visits>
        <nb_actions>1</nb_actions>
        <nb_users>1</nb_users>
        <max_actions>1</max_actions>
        <sum_visit_length>0</sum_visit_length>
        <bounce_count>1</bounce_count>
        <nb_visits_converted>0</nb_visits_converted>
    </row>
    <row>
        <label>Uighur - China - (ug-cn)</label>
        <nb_uniq_visitors>1</nb_uniq_visitors>
        <nb_visits>1</nb_visits>
        <nb_actions>1</nb_actions>
        <nb_users>1</nb_users>
        <max_actions>1</max_actions>
        <sum_visit_length>0</sum_visit_length>
        <bounce_count>1</bounce_count>
        <nb_visits_converted>0</nb_visits_converted>
    </row>
    <row>
        <label>Unknown - Liberia - (xx-lr)</label>
        <nb_uniq_visitors>1</nb_uniq_visitors>
        <nb_visits>1</nb_visits>
        <nb_actions>1</nb_actions>
        <nb_users>1</nb_users>
        <max_actions>1</max_actions>
        <sum_visit_length>0</sum_visit_length>
        <bounce_count>1</bounce_count>
        <nb_visits_converted>0</nb_visits_converted>
    </row>
    <row>
        <label>Unknown - South Africa - (xx-za)</label>
        <nb_uniq_visitors>1</nb_uniq_visitors>
        <nb_visits>1</nb_visits>
        <nb_actions>1</nb_actions>
        <nb_users>1</nb_users>
        <max_actions>1</max_actions>
        <sum_visit_length>0</sum_visit_length>
        <bounce_count>1</bounce_count>
        <nb_visits_converted>0</nb_visits_converted>
    </row>
    <row>
        <label>Chinese - Singapore - (zh-sg)</label>
        <nb_uniq_visitors>1</nb_uniq_visitors>
        <nb_visits>1</nb_visits>
        <nb_actions>1</nb_actions>
        <nb_users>1</nb_users>
        <max_actions>1</max_actions>
        <sum_visit_length>0</sum_visit_length>
        <bounce_count>1</bounce_count>
        <nb_visits_converted>0</nb_visits_converted>
    </row>
</result>