<?xml version="1.0" encoding="utf-8" ?>
<result>
	<nb_uniq_visitors>1</nb_uniq_visitors>
	<nb_users>1</nb_users>
	<nb_visits>2</nb_visits>
	<nb_actions>3</nb_actions>
	<max_actions>2</max_actions>
	<bounce_rate>50%</bounce_rate>
	<nb_actions_per_visit>1.5</nb_actions_per_visit>
	<avg_time_on_site>541</avg_time_on_site>
</result>