<?xml version="1.0" encoding="utf-8" ?>
<result>
	<website>Site 1 - Site search</website>
	<prettyDate>3 Jan 10 - 9 Jan 10</prettyDate>
	<metadata>
		<category>Site Search</category>
		<name>Page Titles Following a Site Search</name>
		<module>Actions</module>
		<action>getPageTitlesFollowingSiteSearch</action>
		<dimension>Destination Page</dimension>
		<documentation>When visitors search on your website, they are looking for a particular page, content, product, or service. This report lists the pages that were clicked the most after an internal search. In other words, the list of pages the most searched for by visitors already on your website.&lt;br/&gt;Use the plus and minus icons on the left to navigate.</documentation>
		<metrics>
			<nb_hits_following_search>Clicked in search results</nb_hits_following_search>
			<nb_hits>Total Pageviews</nb_hits>
		</metrics>
		<metricsDocumentation>
			<nb_hits_following_search>The number of times this Page was visited after a visitor did a search on your website, and clicked on this page in the search results.</nb_hits_following_search>
			<nb_hits>The number of times this page was visited.</nb_hits>
		</metricsDocumentation>
		<processedMetrics>
			<avg_time_on_page>Avg. time on page</avg_time_on_page>
			<bounce_rate>Bounce Rate</bounce_rate>
			<exit_rate>Exit rate</exit_rate>
			<avg_time_generation>Avg. generation time</avg_time_generation>
		</processedMetrics>
		<imageGraphUrl>index.php?module=API&amp;method=ImageGraph.get&amp;idSite=1&amp;apiModule=Actions&amp;apiAction=getPageTitlesFollowingSiteSearch&amp;period=range&amp;date=2010-01-03,2010-01-09</imageGraphUrl>
		<imageGraphEvolutionUrl>index.php?module=API&amp;method=ImageGraph.get&amp;idSite=1&amp;apiModule=Actions&amp;apiAction=getPageTitlesFollowingSiteSearch&amp;period=day&amp;date=2010-01-03,2010-01-09</imageGraphEvolutionUrl>
		<uniqueId>Actions_getPageTitlesFollowingSiteSearch</uniqueId>
	</metadata>
	<columns>
		<label>Destination Page</label>
		<nb_hits_following_search>Clicked in search results</nb_hits_following_search>
		<nb_hits>Total Pageviews</nb_hits>
		<avg_time_on_page>Avg. time on page</avg_time_on_page>
		<bounce_rate>Bounce Rate</bounce_rate>
		<exit_rate>Exit rate</exit_rate>
	</columns>
	<reportData>
		<result prettyDate="Sunday 3 January 2010">
			<row>
				<label> Im just a page</label>
				<nb_hits>1</nb_hits>
				<nb_hits_following_search>1</nb_hits_following_search>
				<avg_time_on_page>00:00:36</avg_time_on_page>
				<bounce_rate>0%</bounce_rate>
				<exit_rate>0%</exit_rate>
			</row>
			<row>
				<label> This is a pageview, not a Search - IS_FOLLOWING_SEARCH ONCE</label>
				<nb_hits>2</nb_hits>
				<nb_hits_following_search>1</nb_hits_following_search>
				<avg_time_on_page>00:03:36</avg_time_on_page>
				<bounce_rate>0%</bounce_rate>
				<exit_rate>0%</exit_rate>
			</row>
		</result>
		<result prettyDate="Monday 4 January 2010" />
		<result prettyDate="Tuesday 5 January 2010" />
		<result prettyDate="Wednesday 6 January 2010" />
		<result prettyDate="Thursday 7 January 2010" />
		<result prettyDate="Friday 8 January 2010" />
		<result prettyDate="Saturday 9 January 2010" />
	</reportData>
	<reportMetadata>
		<result prettyDate="Sunday 3 January 2010" />
		<result prettyDate="Monday 4 January 2010" />
		<result prettyDate="Tuesday 5 January 2010" />
		<result prettyDate="Wednesday 6 January 2010" />
		<result prettyDate="Thursday 7 January 2010" />
		<result prettyDate="Friday 8 January 2010" />
		<result prettyDate="Saturday 9 January 2010" />
	</reportMetadata>
	<reportTotal>
		<nb_visits>2</nb_visits>
		<nb_uniq_visitors>2</nb_uniq_visitors>
		<nb_hits>3</nb_hits>
	</reportTotal>
</result>