<?xml version="1.0" encoding="utf-8" ?>
<result>
	<nb_visits>6</nb_visits>
	<nb_actions>9</nb_actions>
	<max_actions>2</max_actions>
	<bounce_rate>50%</bounce_rate>
	<nb_actions_per_visit>1.5</nb_actions_per_visit>
	<avg_time_on_site>181</avg_time_on_site>
</result>