<?xml version="1.0" encoding="utf-8" ?>
<result>
	<row>
		<label>Unknown</label>
		<nb_visits>30</nb_visits>
		<nb_actions>33</nb_actions>
		<max_actions>3</max_actions>
		<sum_visit_length>305</sum_visit_length>
		<bounce_count>28</bounce_count>
		<nb_visits_converted>28</nb_visits_converted>
		<sum_daily_nb_uniq_visitors>30</sum_daily_nb_uniq_visitors>
		<sum_daily_nb_users>0</sum_daily_nb_users>
	</row>
</result>