<?xml version="1.0" encoding="utf-8" ?>
<result>
	<row>
		<label>Unknown</label>
		<nb_visits>26</nb_visits>
		<nb_actions>31</nb_actions>
		<max_actions>3</max_actions>
		<sum_visit_length>550</sum_visit_length>
		<bounce_count>22</bounce_count>
		<goals>
			<row idgoal='1'>
				<nb_conversions>24</nb_conversions>
				<nb_visits_converted>24</nb_visits_converted>
				<revenue>120</revenue>
			</row>
		</goals>
		<nb_conversions>24</nb_conversions>
		<revenue>120</revenue>
		<sum_daily_nb_uniq_visitors>25</sum_daily_nb_uniq_visitors>
		<sum_daily_nb_users>2</sum_daily_nb_users>
		<region>xx</region>
		<country>xx</country>
		<country_name>Unknown</country_name>
		<region_name>Unknown</region_name>
		<logo>plugins/UserCountry/images/flags/xx.png</logo>
	</row>
	<row>
		<label>Virginia, United States</label>
		<nb_visits>5</nb_visits>
		<nb_actions>5</nb_actions>
		<max_actions>1</max_actions>
		<sum_visit_length>0</sum_visit_length>
		<bounce_count>5</bounce_count>
		<goals>
			<row idgoal='1'>
				<nb_conversions>5</nb_conversions>
				<nb_visits_converted>5</nb_visits_converted>
				<revenue>25</revenue>
			</row>
		</goals>
		<nb_conversions>5</nb_conversions>
		<revenue>25</revenue>
		<sum_daily_nb_uniq_visitors>5</sum_daily_nb_uniq_visitors>
		<sum_daily_nb_users>0</sum_daily_nb_users>
		<region>VA</region>
		<country>us</country>
		<country_name>United States</country_name>
		<region_name>Virginia</region_name>
		<logo>plugins/UserCountry/images/flags/us.png</logo>
	</row>
</result>