<?xml version="1.0" encoding="utf-8" ?>
<result>
	<nb_uniq_visitors>31</nb_uniq_visitors>
	<nb_users>0</nb_users>
	<nb_visits>31</nb_visits>
	<nb_actions>35</nb_actions>
	<nb_visits_converted>29</nb_visits_converted>
	<bounce_count>28</bounce_count>
	<sum_visit_length>547</sum_visit_length>
	<max_actions>3</max_actions>
	<bounce_rate>90%</bounce_rate>
	<nb_actions_per_visit>1.1</nb_actions_per_visit>
	<avg_time_on_site>18</avg_time_on_site>
</result>