<?xml version="1.0" encoding="utf-8" ?>
<result>
	<nb_visits_returning>6</nb_visits_returning>
	<nb_actions_returning>9</nb_actions_returning>
	<max_actions_returning>2</max_actions_returning>
	<bounce_rate_returning>50%</bounce_rate_returning>
	<nb_actions_per_visit_returning>1.5</nb_actions_per_visit_returning>
	<avg_time_on_site_returning>181</avg_time_on_site_returning>
</result>