<?xml version="1.0" encoding="utf-8" ?>
<result>
	<website>Site 1 - Site search</website>
	<prettyDate>3 Jan 10 - 9 Jan 10</prettyDate>
	<metadata>
		<category>Site Search</category>
		<name>Site Search Keywords</name>
		<module>Actions</module>
		<action>getSiteSearchKeywords</action>
		<dimension>Keyword</dimension>
		<documentation>This report lists the Search Keywords that visitors searched for on your internal Search Engine.&lt;br/&gt;&lt;br/&gt;Tracking searches that visitors make on your website is a very effective way to learn more about what your audience is looking for, it can help find ideas for new content, new Ecommerce products that potential customers might be searching for, and generally improve the visitors' experience on your website.&lt;br/&gt;&lt;br/&gt;&lt;a href=&quot;http://piwik.org/docs/site-search/&quot; target=&quot;_blank&quot;&gt;Learn more about Tracking how your visitors use your Search engine.&lt;/a&gt;</documentation>
		<metrics>
			<nb_visits>Searches</nb_visits>
			<nb_pages_per_search>Search Results pages</nb_pages_per_search>
			<exit_rate>% Search Exits</exit_rate>
		</metrics>
		<metricsDocumentation>
			<nb_visits>The number of visits that searched for this keyword on your website's search engine.</nb_visits>
			<nb_pages_per_search>Visitors will search on your website, and sometimes click &quot;next&quot; to view more results. This is the average number of search results pages viewed for this keyword.</nb_pages_per_search>
			<exit_rate>The percentage of visits that left the website after searching for this Keyword on your Site Search engine.</exit_rate>
		</metricsDocumentation>
		<processedMetrics>
			<avg_time_on_page>Avg. time on page</avg_time_on_page>
			<bounce_rate>Bounce Rate</bounce_rate>
			<exit_rate>Exit rate</exit_rate>
			<avg_time_generation>Avg. generation time</avg_time_generation>
		</processedMetrics>
		<imageGraphUrl>index.php?module=API&amp;method=ImageGraph.get&amp;idSite=1&amp;apiModule=Actions&amp;apiAction=getSiteSearchKeywords&amp;period=range&amp;date=2010-01-03,2010-01-09</imageGraphUrl>
		<imageGraphEvolutionUrl>index.php?module=API&amp;method=ImageGraph.get&amp;idSite=1&amp;apiModule=Actions&amp;apiAction=getSiteSearchKeywords&amp;period=day&amp;date=2010-01-03,2010-01-09</imageGraphEvolutionUrl>
		<uniqueId>Actions_getSiteSearchKeywords</uniqueId>
	</metadata>
	<columns>
		<label>Keyword</label>
		<nb_visits>Searches</nb_visits>
		<nb_pages_per_search>Search Results pages</nb_pages_per_search>
		<exit_rate>Exit rate</exit_rate>
		<avg_time_on_page>Avg. time on page</avg_time_on_page>
		<bounce_rate>Bounce Rate</bounce_rate>
	</columns>
	<reportData>
		<result prettyDate="Sunday 3 January 2010">
			<row>
				<label>Search 1</label>
				<nb_visits>2</nb_visits>
				<nb_pages_per_search>3</nb_pages_per_search>
				<bounce_rate>0%</bounce_rate>
				<avg_time_on_page>00:03:54</avg_time_on_page>
				<exit_rate>0%</exit_rate>
			</row>
			<row>
				<label>Search 2</label>
				<nb_visits>2</nb_visits>
				<nb_pages_per_search>1</nb_pages_per_search>
				<bounce_rate>0%</bounce_rate>
				<avg_time_on_page>00:00:36</avg_time_on_page>
				<exit_rate>50%</exit_rate>
			</row>
			<row>
				<label>No Result Keyword!</label>
				<nb_visits>1</nb_visits>
				<nb_pages_per_search>1</nb_pages_per_search>
				<bounce_rate>0%</bounce_rate>
				<avg_time_on_page>00:00:36</avg_time_on_page>
				<exit_rate>0%</exit_rate>
			</row>
		</result>
		<result prettyDate="Monday 4 January 2010">
			<row>
				<label>Final t√ºte Keyword Searched for now</label>
				<nb_visits>1</nb_visits>
				<nb_pages_per_search>1</nb_pages_per_search>
				<bounce_rate>0%</bounce_rate>
				<avg_time_on_page>00:00:00</avg_time_on_page>
				<exit_rate>100%</exit_rate>
			</row>
			<row>
				<label>Keyword - Tracking API</label>
				<nb_visits>1</nb_visits>
				<nb_pages_per_search>2</nb_pages_per_search>
				<bounce_rate>0%</bounce_rate>
				<avg_time_on_page>00:00:54</avg_time_on_page>
				<exit_rate>0%</exit_rate>
			</row>
			<row>
				<label>No Result Keyword!</label>
				<nb_visits>1</nb_visits>
				<nb_pages_per_search>1</nb_pages_per_search>
				<bounce_rate>0%</bounce_rate>
				<avg_time_on_page>00:04:12</avg_time_on_page>
				<exit_rate>0%</exit_rate>
			</row>
		</result>
		<result prettyDate="Tuesday 5 January 2010" />
		<result prettyDate="Wednesday 6 January 2010" />
		<result prettyDate="Thursday 7 January 2010" />
		<result prettyDate="Friday 8 January 2010" />
		<result prettyDate="Saturday 9 January 2010" />
	</reportData>
	<reportMetadata>
		<result prettyDate="Sunday 3 January 2010" />
		<result prettyDate="Monday 4 January 2010" />
		<result prettyDate="Tuesday 5 January 2010" />
		<result prettyDate="Wednesday 6 January 2010" />
		<result prettyDate="Thursday 7 January 2010" />
		<result prettyDate="Friday 8 January 2010" />
		<result prettyDate="Saturday 9 January 2010" />
	</reportMetadata>
	<reportTotal>
		<nb_visits>8</nb_visits>
		<nb_hits>13</nb_hits>
		<exit_nb_visits>1</exit_nb_visits>
	</reportTotal>
</result>