<?xml version="1.0" encoding="utf-8" ?>
<results>
	<result idSite="1">
		<nb_uniq_visitors>9</nb_uniq_visitors>
		<nb_users>0</nb_users>
		<nb_visits>9</nb_visits>
		<nb_actions>9</nb_actions>
		<max_actions>1</max_actions>
		<bounce_rate>100%</bounce_rate>
		<nb_actions_per_visit>1</nb_actions_per_visit>
		<avg_time_on_site>0</avg_time_on_site>
	</result>
	<result idSite="2" />
</results>