<?xml version="1.0" encoding="utf-8" ?>
<results>
	<result idSite="1">
		<nb_uniq_visitors>2</nb_uniq_visitors>
		<nb_users>0</nb_users>
		<nb_visits>10</nb_visits>
		<nb_actions>43</nb_actions>
		<max_actions>5</max_actions>
		<bounce_rate>10%</bounce_rate>
		<nb_actions_per_visit>4.3</nb_actions_per_visit>
		<avg_time_on_site>757</avg_time_on_site>
	</result>
	<result idSite="2">
		<nb_uniq_visitors>1</nb_uniq_visitors>
		<nb_users>0</nb_users>
		<nb_visits>1</nb_visits>
		<nb_actions>3</nb_actions>
		<max_actions>3</max_actions>
		<bounce_rate>0%</bounce_rate>
		<nb_actions_per_visit>3</nb_actions_per_visit>
		<avg_time_on_site>1</avg_time_on_site>
	</result>
</results>