<?xml version="1.0" encoding="utf-8" ?>
<result>
	<nb_visits>3</nb_visits>
	<nb_actions>5</nb_actions>
	<max_actions>3</max_actions>
	<bounce_rate>67%</bounce_rate>
	<nb_actions_per_visit>1.7</nb_actions_per_visit>
	<avg_time_on_site>242</avg_time_on_site>
</result>