<?xml version="1.0" encoding="utf-8" ?>
<result>
	<nb_uniq_visitors>6</nb_uniq_visitors>
	<nb_users>3</nb_users>
	<nb_visits>8</nb_visits>
	<nb_actions>12</nb_actions>
	<max_actions>3</max_actions>
	<bounce_rate>63%</bounce_rate>
	<nb_actions_per_visit>1.5</nb_actions_per_visit>
	<avg_time_on_site>248</avg_time_on_site>
</result>