<?xml version="1.0" encoding="utf-8" ?>
<result>
	<nb_uniq_visitors>3</nb_uniq_visitors>
	<nb_users>0</nb_users>
	<nb_visits>8</nb_visits>
	<nb_actions>7</nb_actions>
	<max_actions>1</max_actions>
	<bounce_rate>100%</bounce_rate>
	<nb_actions_per_visit>0.9</nb_actions_per_visit>
	<avg_time_on_site>136</avg_time_on_site>
</result>