<?xml version="1.0" encoding="utf-8" ?>
<result>
	<row>
		<label>cloudsite5.com</label>
		<nb_visits>4</nb_visits>
		<nb_hits>4</nb_hits>
		<sum_time_spent>0</sum_time_spent>
		<subtable>
			<row>
				<label>/20/download</label>
				<nb_visits>1</nb_visits>
				<nb_uniq_visitors>1</nb_uniq_visitors>
				<nb_hits>1</nb_hits>
				<sum_time_spent>0</sum_time_spent>
				<url>http://cloudsite5.com/20/download</url>
			</row>
			<row>
				<label>Others</label>
				<nb_visits>3</nb_visits>
				<nb_hits>3</nb_hits>
				<sum_time_spent>0</sum_time_spent>
			</row>
		</subtable>
	</row>
	<row>
		<label>Others</label>
		<nb_visits>21</nb_visits>
		<nb_hits>21</nb_hits>
		<sum_time_spent>0</sum_time_spent>
	</row>
</result>