<?xml version="1.0" encoding="utf-8" ?>
<result>
	<row>
		<label>Others</label>
		<nb_visits>10</nb_visits>
		<nb_hits>10</nb_hits>
		<sum_time_spent>0</sum_time_spent>
	</row>
	<row>
		<label>othersite10.com/ - Others</label>
		<nb_visits>4</nb_visits>
		<nb_hits>4</nb_hits>
		<sum_time_spent>0</sum_time_spent>
	</row>
	<row>
		<label>othersite11.com/ - Others</label>
		<nb_visits>4</nb_visits>
		<nb_hits>4</nb_hits>
		<sum_time_spent>0</sum_time_spent>
	</row>
	<row>
		<label>othersite12.com/ - Others</label>
		<nb_visits>4</nb_visits>
		<nb_hits>4</nb_hits>
		<sum_time_spent>0</sum_time_spent>
	</row>
	<row>
		<label>othersite10.com/</label>
		<nb_visits>1</nb_visits>
		<nb_uniq_visitors>1</nb_uniq_visitors>
		<nb_hits>1</nb_hits>
		<sum_time_spent>0</sum_time_spent>
		<url>http://othersite10.com/</url>
		<segment>outlinkUrl==http%3A%2F%2Fothersite10.com%2F</segment>
	</row>
	<row>
		<label>othersite11.com/</label>
		<nb_visits>1</nb_visits>
		<nb_uniq_visitors>1</nb_uniq_visitors>
		<nb_hits>1</nb_hits>
		<sum_time_spent>0</sum_time_spent>
		<url>http://othersite11.com/</url>
		<segment>outlinkUrl==http%3A%2F%2Fothersite11.com%2F</segment>
	</row>
	<row>
		<label>othersite12.com/</label>
		<nb_visits>1</nb_visits>
		<nb_uniq_visitors>1</nb_uniq_visitors>
		<nb_hits>1</nb_hits>
		<sum_time_spent>0</sum_time_spent>
		<url>http://othersite12.com/</url>
		<segment>outlinkUrl==http%3A%2F%2Fothersite12.com%2F</segment>
	</row>
</result>