<?xml version="1.0" encoding="utf-8" ?>
<result>
	<row>
		<label>Unknown</label>
		<nb_visits>31</nb_visits>
		<nb_actions>35</nb_actions>
		<max_actions>3</max_actions>
		<sum_visit_length>547</sum_visit_length>
		<bounce_count>28</bounce_count>
		<nb_visits_converted>29</nb_visits_converted>
		<sum_daily_nb_uniq_visitors>31</sum_daily_nb_uniq_visitors>
		<sum_daily_nb_users>0</sum_daily_nb_users>
		<url />
	</row>
</result>