<?xml version="1.0" encoding="utf-8" ?>
<result>
	<row>
		<label>demo.piwik.org</label>
		<nb_visits>1</nb_visits>
		<nb_hits>1</nb_hits>
		<sum_time_spent>0</sum_time_spent>
		<subtable>
			<row>
				<label>/</label>
				<nb_visits>1</nb_visits>
				<nb_hits>1</nb_hits>
				<sum_time_spent>0</sum_time_spent>
				<sum_daily_nb_uniq_visitors>1</sum_daily_nb_uniq_visitors>
				<url>http://demo.piwik.org/</url>
			</row>
		</subtable>
	</row>
</result>