<?xml version="1.0" encoding="utf-8" ?>
<result>
	<row>3.6</row>
	<row>UNK</row>
</result>