<?xml version="1.0" encoding="utf-8" ?>
<result>
	<row>
		<label>Spirited Away (千と千尋の神隠し)</label>
		<nb_visits>16</nb_visits>
		<nb_events>16</nb_events>
		<sum_event_value>19.32</sum_event_value>
		<min_event_value />
		<max_event_value>9.66</max_event_value>
		<sum_daily_nb_uniq_visitors>16</sum_daily_nb_uniq_visitors>
		<subtable>
			<row>
				<label>clickBuyNow</label>
				<nb_visits>2</nb_visits>
				<nb_events>2</nb_events>
				<sum_event_value>0</sum_event_value>
				<min_event_value />
				<max_event_value />
				<sum_daily_nb_uniq_visitors>2</sum_daily_nb_uniq_visitors>
			</row>
			<row>
				<label>play25%</label>
				<nb_visits>2</nb_visits>
				<nb_events>2</nb_events>
				<sum_event_value>0</sum_event_value>
				<min_event_value />
				<max_event_value />
				<sum_daily_nb_uniq_visitors>2</sum_daily_nb_uniq_visitors>
			</row>
			<row>
				<label>play50%</label>
				<nb_visits>2</nb_visits>
				<nb_events>2</nb_events>
				<sum_event_value>0</sum_event_value>
				<min_event_value />
				<max_event_value />
				<sum_daily_nb_uniq_visitors>2</sum_daily_nb_uniq_visitors>
			</row>
			<row>
				<label>play75%</label>
				<nb_visits>2</nb_visits>
				<nb_events>2</nb_events>
				<sum_event_value>0</sum_event_value>
				<min_event_value />
				<max_event_value />
				<sum_daily_nb_uniq_visitors>2</sum_daily_nb_uniq_visitors>
			</row>
			<row>
				<label>playEnd</label>
				<nb_visits>2</nb_visits>
				<nb_events>2</nb_events>
				<sum_event_value>0</sum_event_value>
				<min_event_value />
				<max_event_value />
				<sum_daily_nb_uniq_visitors>2</sum_daily_nb_uniq_visitors>
			</row>
			<row>
				<label>playStart</label>
				<nb_visits>2</nb_visits>
				<nb_events>2</nb_events>
				<sum_event_value>0</sum_event_value>
				<min_event_value />
				<max_event_value />
				<sum_daily_nb_uniq_visitors>2</sum_daily_nb_uniq_visitors>
			</row>
			<row>
				<label>playTrailer</label>
				<nb_visits>2</nb_visits>
				<nb_events>2</nb_events>
				<sum_event_value>0</sum_event_value>
				<min_event_value />
				<max_event_value />
				<sum_daily_nb_uniq_visitors>2</sum_daily_nb_uniq_visitors>
			</row>
			<row>
				<label>rating</label>
				<nb_visits>2</nb_visits>
				<nb_events>2</nb_events>
				<sum_event_value>19.32</sum_event_value>
				<min_event_value>0</min_event_value>
				<max_event_value>9.66</max_event_value>
				<sum_daily_nb_uniq_visitors>2</sum_daily_nb_uniq_visitors>
			</row>
		</subtable>
	</row>
	<row>
		<label>La fiancée de l&amp;#039;eau</label>
		<nb_visits>12</nb_visits>
		<nb_events>14</nb_events>
		<sum_event_value>38</sum_event_value>
		<min_event_value />
		<max_event_value>10</max_event_value>
		<sum_daily_nb_uniq_visitors>12</sum_daily_nb_uniq_visitors>
		<subtable>
			<row>
				<label>play</label>
				<nb_visits>2</nb_visits>
				<nb_events>2</nb_events>
				<sum_event_value>0</sum_event_value>
				<min_event_value />
				<max_event_value />
				<sum_daily_nb_uniq_visitors>2</sum_daily_nb_uniq_visitors>
			</row>
			<row>
				<label>play25%</label>
				<nb_visits>2</nb_visits>
				<nb_events>2</nb_events>
				<sum_event_value>0</sum_event_value>
				<min_event_value />
				<max_event_value />
				<sum_daily_nb_uniq_visitors>2</sum_daily_nb_uniq_visitors>
			</row>
			<row>
				<label>play50%</label>
				<nb_visits>2</nb_visits>
				<nb_events>2</nb_events>
				<sum_event_value>0</sum_event_value>
				<min_event_value />
				<max_event_value />
				<sum_daily_nb_uniq_visitors>2</sum_daily_nb_uniq_visitors>
			</row>
			<row>
				<label>play75%</label>
				<nb_visits>2</nb_visits>
				<nb_events>2</nb_events>
				<sum_event_value>0</sum_event_value>
				<min_event_value />
				<max_event_value />
				<sum_daily_nb_uniq_visitors>2</sum_daily_nb_uniq_visitors>
			</row>
			<row>
				<label>playEnd</label>
				<nb_visits>2</nb_visits>
				<nb_events>2</nb_events>
				<sum_event_value>0</sum_event_value>
				<min_event_value />
				<max_event_value />
				<sum_daily_nb_uniq_visitors>2</sum_daily_nb_uniq_visitors>
			</row>
			<row>
				<label>rating</label>
				<nb_visits>2</nb_visits>
				<nb_events>4</nb_events>
				<sum_event_value>38</sum_event_value>
				<min_event_value>0</min_event_value>
				<max_event_value>10</max_event_value>
				<sum_daily_nb_uniq_visitors>2</sum_daily_nb_uniq_visitors>
			</row>
		</subtable>
	</row>
	<row>
		<label>(event name not set)</label>
		<nb_visits>6</nb_visits>
		<nb_events>6</nb_events>
		<sum_event_value>0</sum_event_value>
		<min_event_value />
		<max_event_value />
		<sum_daily_nb_uniq_visitors>4</sum_daily_nb_uniq_visitors>
		<subtable>
			<row>
				<label>Search</label>
				<nb_visits>4</nb_visits>
				<nb_events>4</nb_events>
				<sum_event_value>0</sum_event_value>
				<min_event_value />
				<max_event_value />
				<sum_daily_nb_uniq_visitors>2</sum_daily_nb_uniq_visitors>
			</row>
			<row>
				<label>Purchase</label>
				<nb_visits>2</nb_visits>
				<nb_events>2</nb_events>
				<sum_event_value>0</sum_event_value>
				<min_event_value />
				<max_event_value />
				<sum_daily_nb_uniq_visitors>2</sum_daily_nb_uniq_visitors>
			</row>
		</subtable>
	</row>
	<row>
		<label>event name Extremely long Extremely long Extremely long Extremely long Extremely long Extremely long Extremely long Extremely long Extremely long Extremely long ---&gt; SHOULD APPEAR IN TEST OUTPUT NOT TRUNCATED &lt;---</label>
		<nb_visits>2</nb_visits>
		<nb_events>2</nb_events>
		<sum_event_value>19.32</sum_event_value>
		<min_event_value>0</min_event_value>
		<max_event_value>9.66</max_event_value>
		<sum_daily_nb_uniq_visitors>2</sum_daily_nb_uniq_visitors>
		<subtable>
			<row>
				<label>event action Extremely long Extremely long Extremely long Extremely long Extremely long Extremely long Extremely long Extremely long Extremely long Extremely long ---&gt; SHOULD APPEAR IN TEST OUTPUT NOT TRUNCATED &lt;---</label>
				<nb_visits>2</nb_visits>
				<nb_events>2</nb_events>
				<sum_event_value>19.32</sum_event_value>
				<min_event_value>0</min_event_value>
				<max_event_value>9.66</max_event_value>
				<sum_daily_nb_uniq_visitors>2</sum_daily_nb_uniq_visitors>
			</row>
		</subtable>
	</row>
	<row>
		<label>Ponyo (崖の上のポニョ)</label>
		<nb_visits>2</nb_visits>
		<nb_events>2</nb_events>
		<sum_event_value>0</sum_event_value>
		<min_event_value />
		<max_event_value />
		<sum_daily_nb_uniq_visitors>2</sum_daily_nb_uniq_visitors>
		<subtable>
			<row>
				<label>playTrailer</label>
				<nb_visits>2</nb_visits>
				<nb_events>2</nb_events>
				<sum_event_value>0</sum_event_value>
				<min_event_value />
				<max_event_value />
				<sum_daily_nb_uniq_visitors>2</sum_daily_nb_uniq_visitors>
			</row>
		</subtable>
	</row>
	<row>
		<label>Princess Mononoke (もののけ姫)</label>
		<nb_visits>2</nb_visits>
		<nb_events>2</nb_events>
		<sum_event_value>0</sum_event_value>
		<min_event_value />
		<max_event_value />
		<sum_daily_nb_uniq_visitors>2</sum_daily_nb_uniq_visitors>
		<subtable>
			<row>
				<label>playTrailer</label>
				<nb_visits>2</nb_visits>
				<nb_events>2</nb_events>
				<sum_event_value>0</sum_event_value>
				<min_event_value />
				<max_event_value />
				<sum_daily_nb_uniq_visitors>2</sum_daily_nb_uniq_visitors>
			</row>
		</subtable>
	</row>
	<row>
		<label>Search query here</label>
		<nb_visits>2</nb_visits>
		<nb_events>2</nb_events>
		<sum_event_value>0</sum_event_value>
		<min_event_value />
		<max_event_value />
		<sum_daily_nb_uniq_visitors>2</sum_daily_nb_uniq_visitors>
		<subtable>
			<row>
				<label>Search</label>
				<nb_visits>2</nb_visits>
				<nb_events>2</nb_events>
				<sum_event_value>0</sum_event_value>
				<min_event_value />
				<max_event_value />
				<sum_daily_nb_uniq_visitors>2</sum_daily_nb_uniq_visitors>
			</row>
		</subtable>
	</row>
</result>