<?xml version="1.0" encoding="utf-8" ?>
<result>
	<row>
		<label>Unknown - Unknown - (xx-xx)</label>
		<nb_visits>18</nb_visits>
		<nb_actions>21</nb_actions>
		<max_actions>3</max_actions>
		<sum_visit_length>305</sum_visit_length>
		<bounce_count>16</bounce_count>
		<nb_visits_converted>16</nb_visits_converted>
		<sum_daily_nb_uniq_visitors>18</sum_daily_nb_uniq_visitors>
		<sum_daily_nb_users>3</sum_daily_nb_users>
	</row>
	<row>
		<label>Unknown - Japan - (xx-jp)</label>
		<nb_visits>9</nb_visits>
		<nb_actions>9</nb_actions>
		<max_actions>1</max_actions>
		<sum_visit_length>0</sum_visit_length>
		<bounce_count>9</bounce_count>
		<nb_visits_converted>9</nb_visits_converted>
		<sum_daily_nb_uniq_visitors>9</sum_daily_nb_uniq_visitors>
		<sum_daily_nb_users>1</sum_daily_nb_users>
	</row>
</result>