<?xml version="1.0" encoding="utf-8" ?>
<results>
	<result idSite="1">
		<nb_uniq_visitors>38</nb_uniq_visitors>
		<nb_visits>39</nb_visits>
		<nb_actions>46</nb_actions>
		<nb_visits_converted>36</nb_visits_converted>
		<bounce_count>34</bounce_count>
		<sum_visit_length>430</sum_visit_length>
		<max_actions>3</max_actions>
		<bounce_rate>87%</bounce_rate>
		<nb_actions_per_visit>1.2</nb_actions_per_visit>
		<avg_time_on_site>11</avg_time_on_site>
	</result>
	<result idSite="2">
		<nb_uniq_visitors>1</nb_uniq_visitors>
		<nb_visits>1</nb_visits>
		<nb_actions>1</nb_actions>
		<nb_visits_converted>0</nb_visits_converted>
		<bounce_count>1</bounce_count>
		<sum_visit_length>0</sum_visit_length>
		<max_actions>1</max_actions>
		<bounce_rate>100%</bounce_rate>
		<nb_actions_per_visit>1</nb_actions_per_visit>
		<avg_time_on_site>0</avg_time_on_site>
	</result>
</results>