<html>
<head>
    <meta charset="utf-8">
</head>
<body style="color: rgb(68,68,68);">

<a id="reportTop" target="_blank" href=""><img title="Go to Piwik" border="0" alt="Piwik" src='plugins/Morpheus/images/logo-header.png'/></a>

<h1 style="color: rgb(126,115,99); font-size: 11pt;">
    Website Site 1
</h1>

<p>
    Mail Test report - Date range: 2010, January
</p>


<h2 id="Actions_getPageTitles" style="color: rgb(126,115,99); font-size: 11pt;">
    Page titles
</h2>

            <img alt=""
                                    src="data:image/png;base64,iVBORw0KGgoAAAANSUhEUgAAArwAAADICAIAAACF9KXqAAAACXBIWXMAAA7EAAAOxAGVKw4bAAAgAElEQVR4nO3dfWwc553Y8We5y13uiuSSXJK75PJFFGUrcuxIZ8kvsSUrid/ic8+pHV8UJ9cUSBADLZpc3eu1V+DQEv3rChxwTeLrH06dIndN0dSp3eR68AU5XCvERQ+xnbjF5eqEphSZlEyJpE2TuyR3udztHyOPRvP+ujM7/H4gCLPDmef5zftv5plnN9FqtQQAAICVrrADAAAAnSGl/DA7OysPLyws6I4BAAD70/WkYXZ2VpkWSOmCagx5AwAA+9b15gkSAgAAYCJlPYmeS5cuKT9euXKlVCqZTL+1tZVOp1Mpl9VFR6vVqlQqfX19YQfig93d3Uajkc1mww7EBzs7O8lksru7O+xAfFCpVHK5XFdXx79vtLe3V6vVcrlc2IH4oFarCSEymUzYgfigWq329PQkk8mwA/Gq2WxubW319vaGHYgP6vV6s9ns6ekJOxBr+icm31si6vX63t6ejwWGpdVq1ev1sKPwR6PRiM2y1Ov1RqMRdhT+qNVqzWYz7Ch8sLe3F5sdbHd3d3d3N+wo/BGbs3Gz2YzTDtYpy6K+9de+yqCrXC6bfNTa3d0dGBjI5/POI4yWZrNZrVbHx8fDDsQH6+vrGxsb8ViWZrOZzWYLhULYgfigWq2WSqV0Oh12IF5Vq9WrV6/GYwdbXl5OJBLFYjHsQHyws7MzOjoagydAtVqtXq/HYwdbXV2t1WodsSzq3hMhvtnwN/MrYVVtX7PVWrpU3e3qgFAtVaqVanVroxaHZVlZ3Uina/l323eDfutNI22rCwAi4nrzBJ0jAACACcPvaRBCLCws8D0NAABAcj1p0M0JSBQAAICk47t1+e5Tn7w77BCsdUSQMcB6BgAlkgb3zK8owV1vPvXJu7//F39tUoVJ1UFfBT/1ybuV/wKtS1lpQCV//y/+mrwBAGQkDe5JV26bf/Xr2iNnDO54mdd+FfK/9lxxA10o8gYAkJE0IEBccQEgTqL4vc7Ky4x8EymPNLqDV47XjpRu0HVLFjYeA2jv76VZjAqR6lIFr4rKPEjdu2f7jxmMltdoQYwi19ZrtCFsRqWKxygGo7qM4v/3//HPdCvSLrXJsG5swmCdAMA+FLmkQXV2li9+dk769q8QRtMLt+0I5oVorzo2g/TCpEbZ0194zHXy5DRUp+vfdV0uZrSzrgAAQSUNTzzzkv2JX/yjx43+pL3cymO044XmdK+czMu9u27iYnKJNf+r0yDdsSzq859+4Lk/+YH9Ak3CtjOLo/VvVJflhtCdUfVXy7DJGABAVySeNMzNzc3NzUnDus/no98ubt6sEBt2NoTJc35H29H1RtfOaNnmsk82HwB4FFTS8OIfPT43NzczMyN9XFtby+VyRr/CfOHCDR+VTf6+33+7Jl1XXnr5f3/ly7+pG4827Pix+VRGd7zTZiCjcoweNTkK0miueG8+APAowCcN8sMDIcTFixed/sql6m3BTtGhYQctCm8JKNuAjDaQ0euiAAARwS6XRs+WtdNom6t1R1q2XmsLMZn48Uc++o1vvmAnbEeVur451tZrv7Tv/Ne/fPoLjyln1J1M2RNBd0O4YFSmzbrMHzMY7S3aKXULBwAYicQ7DUqqk77uraG2KdpypM0azV9gdBS2bgcKedhpkMpCTF70c1SaEOK5P/mBdtlNlsVoQ9iM3LLMgOryOAsPHgBAkmi1Wm2oxk7zxN/Mr7QhEo+ardbS0tLU5GRYAfh4AatUK9XqVnF0NIjCXXMXw8rqSjqdyff3ty2kW28aCaIuIcT8/Pz09HQ6nQ6o/LapVqtXr16VX2zqaMvLy4lEolgshh2ID86fP18qlXK5XNiBeFWr1RYXFw8fPhx2ID5YXV2t1WrlcjnsQKxFrnkC5lw/C4ksX1pqghPBkAAgLBFqngju1s1HzWYz03rvSKihLiwszM7Oev/V8vX17o2N5NTUDcvS/q0gLY487K6QpWwtm80WCgX/4hJCCF/WMwDERoSSBtgX0JUsrAtkZC/MkQ0MAEIRoaShsXQu7BCstZqt9NpSY2k57ED8UKmkqluNrgvWU0ZecmUlkc40tnXeaUhNnGl/PAAQS7zTAAAAbCFpAAAAtpA0AAAAWzopaThy5osRKSSy1e1bp57852GHAADxF6EXIbWUV9xfnPtWiJG4c+TMF6Ww5QGjCcxnD8iJR7+q/NieNRzQQr3yvX9zx2P/uBN3EgDoINFNGlRXlwjesgd9yW/DJfDH/+UPRovXvhEy6BxFElwVr/7g37ZnEQBg34po84T27M/FIGi/OPetCGZmAIDoiOKTBss7eHlY91GEal6j8boVaSfWTvPA3/tX8vXVpFL7WY40sXa5zJ+1SLOY12uy7HaiUsVjFIZuXUaxWUaonMBkWDc23XUCAPBLFJMGE9pLjvYSZWdY+9F8Yi1/r0+OYhP2GmscLY7NeIzCcFeX97kczQgA8CiopGHzaz3Kj0PSSIOJ+357x2axdl4nlC/n2vFGs5gUYjMwj8wrchGJi8VRTuDotU0769/FCtfdiFpkDADQNpF40jA3Nzc3N+elBEeN8fvk3tTOOjn9md+Th41aavyqy+Zcls0uclPOftiIANA2TzzzkhDiW//6kYG+HqNpgkoa+n57Z25ubmZmRvq4traWy+Wy2az+1O95/fkDR9ePfdLybWcBlb0nlJy2hujWZfTIx1GEJtWROgCA7956+72THx4z+muATxqUDw8uXrw4MDCQz+ftzNiGi/o+yRvcicKakWMw6dNh/h0YAAD7tnZ2pYHbj5ZMJotol0vtpcLkZtdoYtV43d4HRh+NLkUf+viX7C6DaYQmVVjObrQqTBbHZC5Lyg4OumGY1GX+mMFkLu3E2skAAH75rX/x34UQN00NdnUlTCaLxDsNuswv6pYTa8frXop0G8uNShBCvPk/npfzBpPCdV/DNOqsaIeqLt2syPKji7qMqjYZtl+X73Px1AEAvCiP9ppPkGi1Wm2Iw07zRGPpXBsi8ajVbC0tLU1OTVpOGegFzJfCK5XKVnVL952Gdobhi5WVlUw6o/tN0qmJM6GE5Nr8/Pz09HQ6nQ47EK+q1erVq1flF5s62vLyciKRKBaLYQfig/Pnz5dKpVwuF3YgXtVqtcXFxcOHD4cdiA9WV1drtVq5XA4xBuktyKceOfqbD33IZLKINk/EgPmjkQ5lpwUnLPz2BAB4VB7tM58gQs0THXFH2Gw269vzqYkjdiZeWFiYnZ1dWFgIIhIfVtf6emNjIzUxZX8OaYnkYa8B+OfUmdmf/OQnqUIh7EAAoINZNk9EKGmIpYCurCFesCOVK8jOneuAti0AiCa568R4Bz1p2HztctghWGu2mo2l9c3NDgjV0nalUt+qbl6N0D7gWn1lTWQym/21sAO5pu/keNghAIBdUteJWw4VulMWLy3wTgMAABDF4QOW05A0AAAAUSqQNAAAABvGRizeghSdkjQcP3ta+hd2IB2DddUerGcAsTFh1XVCdETScPzs6Te++2PpX5zO0cEti7TGTKowqTroNSznf+3MAoOrKGb7JIB9aLvWkAbi86RBJl0L7YvyCd3pstgkZwzuBBSVqoo2Z4GBLhR5A4CO9vnf+zMhxLGbRzNp6850HZY0IGa44gJAFIwM2fpm8aj30ZeuKNL/0gVGfvAuX2/k+0jl5Uf+qzxSdbupLEH3r8qi5OHbP3vD9zBqq9a9qdXe/asi1y1EOZfRsGVFRo6fPf3K8y8//JUnVctiFKpyMt1pbK4Ky6hU8RjFoBr/o2df1EainEa3NMvVq7tc2kXTXScA0EGKhVgkDSanY9V43Y/mp3KbV2VlpvLT/3xuaenS1OSkUFxFbF7RzflSiCOnvvTID7/xveJo0aRS7aowL9PLUpisdt0YVHWd++afO63FUY5lsrMBQKcrDln3txTBJQ2vn3xONWbVeOITrz3togrzs7adc7pyGmWGYZKjNFtN3fG65RiNVD3kMCpE9VffL1SvPP9ydatqMoHHq76dmJUT2HxIozv+R8++eObLj8rvSRitassIba5qMgYAMVMuWr8FKSLypGFubm5ubs5jIdrWCi8cNbT70iqvLcSyISCC7KwKk+f8bVjtunNZrmp/9y4AiIj67p40UBoONWk48drTc3NzMzMz0se1tbVcLpfNZvWnvuBPpcp+hl5O7k6fydt8qmF+FxuPq5HTBzxKXlb7yspKOpORx5usatfr2a+9CwCi47P/7AdCiNuPFrMZW/lAgE8alA8PLl68ODAwkM/ng6tOZvRCn01Ru5VXNprEuKNBFFa7nVXtce8CgAgaHjC4pdeIT5dLjxdUk7ZzaUD7noHueJNIzB8z6Bbi8UZZ9+Jn/4JntMjaAo2qc71RXKz2M19+VBW57tozitB8Vcc4XQMAm/0tRUTeafCF6nqgvWXU7Rqgml63HN0LldGwbkWu43dXiMk7lU5L1l1Mm6vIUV3eV7vN3hPuIjSfiwcPADqanZ+qkiRarVagoUjsNE9svna5DZHI3J3om62msstlBC8V9qOqVCrVrarc5dLfwoOjG4P0TkO+vz8iIfWdHHdd2vz8/PT0dDqd9hxXyKrV6tWrV+UXmzra8vJyIpEoFh0cLJF1/vz5UqmUy9m9s4ysWq22uLh4+PDhsAPxwerqaq1WK5fL7a/6iWdeEkL84e987NDEoJ3p49M80QYmnSSjI36vPkR8tUcwJACwY7dx7UsEbHadEJFqnvByc9aeGhcWFmZnZ+XhACLyhxSnZYR76+u7Gxt9U85WQvs3k53V/v5SM5vN9hUKbYxLCCHsrGcAiKazv/t9IcTJD5dyPd02Z4lQ0tBm7s718/Pz8/PzR44c8T0efwV0JQvrAhnZC3NkAwMAmwr5HvsTRyhpuPzaZtghWGu2mutLjcubHRCqpUplu7pVT12Nw7KsrdQzGVHrj8OyvLfUSK9VulN2E39Hxk/2BVEsgM41PODgBRfeaQAAYP8atd3fUpA0AACwn42P2n0LUpA0AACwn9n/kgZB0hBXp88et5zmkS+devIrD9uZ0q96/a0LRljPACxJ39Bwx4eLB3IOvhUmcknD6bPHlf8CrcjR+Jg5ffb4y8+/8r1v/LCdNf74u28It2s+6O3Sth1PWWNAJf/4u2/sk90YgEdDeWdf8xWh3hMy6dIika80QQi0cN8FFG171oD34NsQZ9t2PG11QRTeWbs3gFDY/6kqSeSeNKgEes/EDRmMsG8A2A+Khc5/0mBCeR6X76JUJ3fteJP7LfMbMt3qPvdPH1NeUVSP3G3WLlWqW75JaZZlmi+FqrRHvnRKO95RVOb1KiewectrEoCqEFWlLz77o0e/fEYbmJ34bQamG5JyGpNNr10D0jRGa/KvvvOqdkaTYW0MgocNAGyw/wXSkk5KGrTXAO1pUT6BGp1hPVanOyz0rruWtRuVrzuv5QXA0XqQSnv5+VeqW9Unv/Kw66hM6nXNZLWbTOOoWKf7Q3t2PHnipaWlT3z+DkdpltFHANDVbF77rcqxYQddJ0RwScNzJ1/XjFs1mvjp104Y/Ul5ErS8eBiNN7/iGv3V/PmEyUebtXuP3GguL6U5KieIS5TrhbU/i53I/d3xdPNIZa6jmvGvvvOqnUxFi4wBgB1P/s5/E0KcvMVZ1wkRkScNc3Nzc3Nz8kejx63CyY2so1teo9Ox6/vm6DSH+xVJdJbIHZtPI+Th9ux4ljPq7pmqhEa3pQMALA3lnb0FKYJLGp5+7cTc3NzMzIz0cW1tLZfLZbMG8V244ZPR6c/RQ2mn51DdB86uH7xH5wzuVyTRWSJ37MQf6I5n+XhGHrm0tFQsFe3/9oTcfmRSOwBoFQYjkzQIIZQPDy5evDgwMJDP512X1ubGWtqGIYnCnqB6GUV3Gu2rJwBgbnTQWdcJEf0ul0bk+ypVw7A0oD232nlOYHJGdtHY4W5286Zu+3N5j8SkfGG1/p2WJpxc7WxWqmpr8GU9CG87nvljBqMZzd+G6fRmIwAhGh9x1nVCROSdBjtUZ1VlU67uKVs7vaNajKpzHa27ebVv1RkV6O96MI9KWY5JXap5jZbFRWC6lf75N8+ZbDLX66E9O57rGU3m4qkDAF17e01poFzsczpvotVq+R2PDjvNE5df2/ReUdAnymareWlpaXJyKrgq2qZSqVS3qsXRYhvqCnS7nD57/MVnf5TJpPv73bd/eY/BrwV0+k6Do5DGTzo+R7hWrVavXr0qv9jU0ZaXlxOJRLHYjoMlaOfPny+VSrmc4+fSUVOr1RYXFw8fPhx2ID5YXV2t1Wrlcrk91Um/OnH70eLvP32P03k7tXlC5uJhPtrP6aOa6Iv4jhfBkABEylB/j4u5ItQ84e4eaGFhYXZ2Vh72NSIdzWaz2p8aP9K+27XgrK/vbWzsjk+1aVmkLRXQNircls5ms4VC+7ZLcDteNZ8am+5Np511nlYKbj0DiI1h510nhDZpkM6D8hlHPi2KtlyS3YlsYFAJaEstLCwsLS0FUbJlve2v1I7IBgYgOkaHnH0XpOSGpEG6QZETBdX9CrcvAADEw/iIm6ThhncayAkAAIix3YbcdaLfxewu32l4//33lR8rlUp/v1n1u7u729vbXV0d/95ls9nc29vb3PSho0fotra26vV6PJalXq8nEol4LEuj0ahWq7VaLexAvNre3t7d3Y3HRqnVarHZwXZ3d6vV6t7eXtiBeFWv1xuNRjw2yvb2dtuW5e//y78UQtxyaLBR395s7Did3WXScPnyZeXHCxcuKN9+0NrZ2anVaqpUoxM1m816va5a/A7VaDQajUY8lqVWq21tbVUqlbAD8UGtVlteXo5Bhh2zHSyRSGxvb4cdiA92dnZWVlaSyWTYgXjVbDZrtVo8drDd3V3p4tK2GjOpveXld1zM6DJpOHr0qMlHLe9fIx0RzWZzfn7+yJEjYQfig/X19Y2NjampOHznxNLSUjabLRQKYQfig/n5+enpaS+9JyKC72mIJr6nIYLa+z0NfyuEOHxwzN2FrOPvZgAAgCOlguMvkJaQNAAAsL+Mueo6IbRdLpUDyu6Xgr4VAAB0MrnrxITzX52Q3JA0aNMCEgUAAOLh7O9+Xwhx8/RQrsflr9vQPAEAwD4yPJjt6kq4m5ekAQCAfaRUcPlCgyBpAABgXykNkzQAAAAbyiMu+1sKkgYAAPYDuevEuNuuE4KkAQCA/UDqOjFR6uvLuf/CWZIGAAD2i1Ih57rrhCBpAABg/xgbdv9CgyBpAABg/xgfcf9CgyBpAABg/ygXedIAAACMyV0nJov9RtNsfq1n82s9rWbDpBySBgAAYk7qOpHvTfcd0O860WrsSAPNtZ+blEPSAADAvjBR7DPqOlH54wEhRNf4qeTIMZMSSBoAANgXJkuGbROS1OTHzCcgaQAAYF+YMPguSPk9htShR81LIGkAAGBfmDJ40lD5Rq8QIjn1QHL018xLIGkAACDOnnjmJWlgomT2JQ3J8XstiyJpAAAg/kYGcwN9PSYTJKcftCyEpAEAgPgrj+p/rdPm13qEEF2H/k5y5COWhZA0AAAQf+MGSYMkNXp7Imn965ckDQAAxJ/RkwZJcup+O4WQNAAAEH8TozpvQV5rm5h+yPw7nWQkDQAAxJbcdaJs8CUNQohk8WQiZfaOpIykAQCAmJso9g7ls6qR17/T6aB1vwkJSQMAADE3NqzzQoP0nU6JkePJ0RM2yyFpAAAg5oqFA0Z/Spbvs9NvQkLSAABAzI2PqJ80tPbq0kD37GP2yyFpAAAg5rRf0lB5tl8IkcgfSk2csl8OSQMAAPF0/VcnDLpOpA79hqMCSRoAAIizmXJe1XXier8JJ20TgqQBAIB4KxZyqjFSv4mukeOpsvUvWyqRNAAAEGcjg/pdJ5KTn3BaFEkDAABxVhrWTxpShx51WhRJAwAAcabqb3nt9ybK9yXH7nJaFEkDAAAxZP6rE8mxuxNdKadlkjQAABBbN08PDg+of3VCCJGatvt7E0okDQAAxNbI4A1dJz74LexHkkW7vzehRNIAAEBsDQ/qPGZIjtyW6Fb3w7SDpAEAgNgqDul0nUhN3e+uNJIGAABiq6T4UexrbRNTD7prmxAkDQAAxM/1rhOan6pKjtyWSKtH2kTSAABAPH14tlD4oOtEq9WUBpKu+k1ISBoAAIinoXy2qyshDVe+nhNCJEaOp0qOv9NJRtIAAEA8FfLqrhOpsbvd9ZuQkDQAABBPI0MftE188FvYyZlf91IgSQMAAPE09kHXCem3sEVmMDX9gJcCSRoAAIgVueuE6qequm96IpHwdN0naQAAIIaOHRmRuk5IX88ghEgd/rseyyRpAAAghvoPZJLJ61f5xMBhdz9SpUTSAABADKm6TqSmPL3NICFpAAAghkYGb2ibSM484r1MkgYAAGKopHgLsqt8OlU+7b1MkgYAAOJD7joxpvipquTIMS/f6SQjaQAAIG6O3TxSGMhe7zfhxwsNgqQBAID46e/NdKeuXeK7ph9Ojt/tS7EkDQAAxM1QvkceTg4dSWQGfCmWpAEAgLgZHTpwvd/ExMf8KpakAQCAuBkduvbaY9fk/anyPX4VS9IAAEBMXP/VidFrXSeShaN+tU0IkgYAAGLmIzeP9H5nWBpOTn7Cx5JJGgAAiJXeXFoaSIwcT5VP+VgySQMAALEyPHDtVydSo7cnMv0253r95HNbv1g1n4akAQCAWPn0r+6QBpIHH7Iz/d7W7usnnxNC/L/Pv9hqNE2mTHkPDgAARE4ql5r5dcuppHRBMvQbN4uuhFmRPoQFAADCJnedkCQPPZpIps1nkTOGvnsnSr91rP+Osvn0JA0AAMTHtw8+JQ103/Rpk8n2tnffOP0fpOHBhw6V/+GdmQnrtx9IGgAAiJ2+aZO2CWWTxMQ/+Wjxc7fZLJWkAQCAuElN3GfUNqFskiievbX/7kkHxfoQGgAAiAC5bUL3MYOySWLg/pnyP7qzZzLvqHySBgAAYqVr7J7U1MdVI5VNEuWv3lX6wjEXJZM0AADQ8ZRdJ7qG1L83cb1J4p6J0c/cmr/nhiaJ6kr94rn1V/5gsXBz9tP/6RaTWkgaAACIg+ttE9P3yyOVDxjyZ6YnvnpXz/S1fKJRa176ycYPn1kQQkzc3T9yW271zS3zKkgaAACIj66pB5MT90nDcsaQHusdfvzo2Bd/Tfr43vntFz7zt0KI4rEDpdsPrP1yK92fvPWzo1OnLF5xIGkAACA+kvmZruywUDZJfHRi5ImjA2cObr+7+6cP/V9p5PgdvbX391KZrsl7+x/+w8OZflv5AEkDAAAdT26bSE5+TNkk0XfvxPg/uGt9vfuFO38qhJj4aF+zKZJJMfyhAwc/PjB0OJvsdvArVNZJw+zsrDy8sLBgv2gAANBOm4P3/vKpa79UmZ7qz9x1+H++kBD/61dCiKn7+puN1oGR9PR9+bHb+zJ9bp4aWMwzOzurTBRUHwEAQOieeOalbx8UQoh3vn5WCNEQyf8jjou3hXhbTJ7q36u3El1i4s7+6fsG+sYzXiqieQIAgM727YNP/fJPv94S4qfihDyyePzAxlItP9kz+9Bg8bZeXypKtFotkz/79aThuZOvu5gLAAA4UhhrbtXTQ7PZDz0+PPvgkL+Fu3zS8Oqrryo/vvnmm7fcYvZ1EAAAIFDdYrOnnOm5s3v8rkZ3fnO9a/P11y/4W4XLpOGOO+4w+ah1If9CMrOX7m26q04IsfNusrJeKkxfdl2CEOK9xdFMZrN3fNt1CfWdvXcvzQyPv+0ljM0rha5kvX9qw0shK29NDQxfSmbdr9LKld69Rs/gwRUvYaxeKPfmr/QMNVyXsL3aXd0YGfa2ZdcWiz097x8o7bguYW+7tfrO9MjEopcwNt4pJFP1vklPW/bqW1MDI0spD82OlSv9zVZqYGrVSxirFyb6BpYzA+637NZKers6NDS97CWMd98u5XLr2VH3W7a2IdZXJ4c9btnLI93p7b6JipdCrrw1PTi6aPATQrZsLueFSOSn3vUSxsqFif7BdzJ596eOrSuZ7e2BwkFPW3btV2O53veywzXXJdTWxfvvTYxMetqy65dG05lqb7nqpZArb00XSm8nuhKuS9i4MphI7OWn1r2EsbZYPPRA992/f1cq46A3hFNteqfhtn/3kdHR0cHBwfZUF5y9vb033njjxImnwg7EB2tra+++++5NNz0YdiA+uHDhQm9v78jISNiB+OBnP/vZLbc8nsl4elkpCjY3N5eWlo4e/UTYgfhgcXGxq6urXC6HHYgPfv7znx88eOLAgQNhB+JVrVZ78803jx37XNiBSO71MvOVK1d2dnamp6f9iiY4AeYjAAAgTiyeNCwsLPA9DQAAQNhpniBRAAAAwrLLJQAAgIR3GgAAgC0kDfGkfBMFgAkOFsA+u10uvf/qhO4LldqRqjHa49ldGFI5vny7pWXMupP5tSBCc47zpRz7C2I0mesAVBvFdZmug/f9Vd+wDhajGd3VHuLBYjSZxwC8FBWRBYnZwdLpR4qI18FiV8uGQ4cOyf+7o5pXt8BDhw7pTmY+xn4AloXbLMdOscEtiM15LadxvSC+rEaT0vzaLrojA10ck6pdlGBeYKDLEvrB4u8+5n2aiCxIzA6WGBwpPpYWhX3MJjfNE6rkXf44eyPlNFG4gdO93Rc3hi1uXDofHw+oavQ9H9Rd87rbQhKRTjHKjaL9oRNl8G3YLkEI62DxKDoHSxA4WAKO1I0OPVJE3A8WLd++EVK7E/tVcqA6NGwV3aVQjgwiTQlaRwdvrkP3ug4NW4WDpYN07i7XuZFbsn7SIC+8UT7llLvd2peDwc4iyNNY1hjighil3kr2a3EUkrR+ZG07QwW0XfxdnHAPFn+XJcSDxfeNEtbBEpagT2LeReSy4pcoXFnapk2/PSGZ9fDmjl+kLefL2zfh7qOqMe4OPBcLos2g/Y2jfF8AAAFZSURBVLo4qcpxsURRWBy/RGFZwjpY/F2QEA8Wv66I2gJDOVh8XxxfRGRBwjpY2r9RbCUNoWeC0TmVi6guiIuTSKTWqooyNpu7X0QWJ/SDJVKiuSDtPFja8Iy6nQeLj4sT7pESwbaDTlkWi6RBuxiqmHRD1I6M1LnDMjUzyRkjtSBGOi5jsBlJxLcLB4tKpBbESNsOFr/WRkQOFn/vnUI8UnzcS0M/WNpzxLlpnlCuGuXjMu1IJdWYhYUF1WQLBl1OA10RujGY0y6ItgSjRQvuMYOqOlULrtFual6I0Uina8wFF8/cvOxgqjE+av/BohrjozYfLI4qsi+sg6VtJzE7vO9gsTlS2nZOtpwlyvuYUlC/PdERNxnoOLHcr2K5UAhd/Par+C1RJ/LzRcg23IBiP4vTKYODBYGKzcHCkRI1/MolAACwhR+sAgAAtpA0AAAAW0gaAACALf8fvfs0jMVehV4AAAAASUVORK5CYII="
                                height="200"
                width="700"/>
    
    
        <br/>
    <a style="text-decoration:none; color: rgb(126,115,99); font-size: 9pt;" href="#reportTop">
        Back to top
    </a>
</body>
</html>