<?xml version="1.0" encoding="utf-8" ?>
<result>
	<row>
		<label>Desktop</label>
		<nb_visits>34</nb_visits>
		<nb_actions>41</nb_actions>
		<max_actions>3</max_actions>
		<sum_visit_length>430</sum_visit_length>
		<bounce_count>29</bounce_count>
		<nb_visits_converted>32</nb_visits_converted>
		<sum_daily_nb_uniq_visitors>34</sum_daily_nb_uniq_visitors>
		<logo>plugins/UserSettings/images/screens/normal.gif</logo>
	</row>
	<row>
		<label>Mobile</label>
		<nb_visits>3</nb_visits>
		<nb_actions>3</nb_actions>
		<max_actions>1</max_actions>
		<sum_visit_length>0</sum_visit_length>
		<bounce_count>3</bounce_count>
		<nb_visits_converted>3</nb_visits_converted>
		<sum_daily_nb_uniq_visitors>3</sum_daily_nb_uniq_visitors>
		<logo>plugins/UserSettings/images/screens/mobile.gif</logo>
	</row>
	<row>
		<label>Unknown</label>
		<nb_visits>2</nb_visits>
		<nb_actions>2</nb_actions>
		<max_actions>1</max_actions>
		<sum_visit_length>0</sum_visit_length>
		<bounce_count>2</bounce_count>
		<nb_visits_converted>1</nb_visits_converted>
		<sum_daily_nb_uniq_visitors>2</sum_daily_nb_uniq_visitors>
		<logo>plugins/UserSettings/images/os/UNK.gif</logo>
	</row>
</result>