[{"label":"this search term","Toronto, Ontario, Canada":false,"Yokohama, Kanagawa, Japan":1,"Melbourne, Victoria, Australia":2},{"label":"search term 2","Toronto, Ontario, Canada":false,"Yokohama, Kanagawa, Japan":2,"Melbourne, Victoria, Australia":false},{"label":"search term 3","Toronto, Ontario, Canada":2,"Yokohama, Kanagawa, Japan":false,"Melbourne, Victoria, Australia":false},{"label":"search term 4","Toronto, Ontario, Canada":2,"Yokohama, Kanagawa, Japan":false,"Melbourne, Victoria, Australia":false},{"label":"that search term","Toronto, Ontario, Canada":false,"Yokohama, Kanagawa, Japan":false,"Melbourne, Victoria, Australia":2},{"label":"search term 1","Toronto, Ontario, Canada":false,"Yokohama, Kanagawa, Japan":1,"Melbourne, Victoria, Australia":false}]