<?xml version="1.0" encoding="utf-8" ?>
<result>
	<row>
		<label>WebKit (Safari, Chrome)</label>
		<nb_visits>18</nb_visits>
		<nb_actions>19</nb_actions>
		<max_actions>2</max_actions>
		<sum_visit_length>34</sum_visit_length>
		<bounce_count>17</bounce_count>
		<nb_visits_converted>17</nb_visits_converted>
		<sum_daily_nb_uniq_visitors>18</sum_daily_nb_uniq_visitors>
		<shortLabel>Webkit</shortLabel>
	</row>
	<row>
		<label>Unknown</label>
		<nb_visits>9</nb_visits>
		<nb_actions>12</nb_actions>
		<max_actions>3</max_actions>
		<sum_visit_length>305</sum_visit_length>
		<bounce_count>7</bounce_count>
		<nb_visits_converted>7</nb_visits_converted>
		<sum_daily_nb_uniq_visitors>9</sum_daily_nb_uniq_visitors>
		<shortLabel>Unknown</shortLabel>
	</row>
	<row>
		<label>Trident (IE)</label>
		<nb_visits>7</nb_visits>
		<nb_actions>8</nb_actions>
		<max_actions>2</max_actions>
		<sum_visit_length>81</sum_visit_length>
		<bounce_count>6</bounce_count>
		<nb_visits_converted>7</nb_visits_converted>
		<sum_daily_nb_uniq_visitors>7</sum_daily_nb_uniq_visitors>
		<shortLabel>Ie</shortLabel>
	</row>
	<row>
		<label>Gecko (Firefox)</label>
		<nb_visits>5</nb_visits>
		<nb_actions>7</nb_actions>
		<max_actions>3</max_actions>
		<sum_visit_length>10</sum_visit_length>
		<bounce_count>4</bounce_count>
		<nb_visits_converted>5</nb_visits_converted>
		<sum_daily_nb_uniq_visitors>5</sum_daily_nb_uniq_visitors>
		<shortLabel>Gecko</shortLabel>
	</row>
</result>