<?xml version="1.0" encoding="utf-8" ?>
<result>
	<nb_uniq_visitors>4</nb_uniq_visitors>
	<nb_visits>4</nb_visits>
	<nb_actions>6</nb_actions>
	<nb_visits_converted>0</nb_visits_converted>
	<bounce_count>2</bounce_count>
	<sum_visit_length>542</sum_visit_length>
	<max_actions>2</max_actions>
	<bounce_rate>50%</bounce_rate>
	<nb_actions_per_visit>1.5</nb_actions_per_visit>
	<avg_time_on_site>136</avg_time_on_site>
</result>