<?xml version="1.0" encoding="utf-8" ?>
<result>
	<nb_uniq_visitors_returning>7</nb_uniq_visitors_returning>
	<nb_visits_returning>7</nb_visits_returning>
	<nb_actions_returning>9</nb_actions_returning>
	<nb_visits_converted_returning>6</nb_visits_converted_returning>
	<bounce_count_returning>5</bounce_count_returning>
	<sum_visit_length_returning>115</sum_visit_length_returning>
	<max_actions_returning>2</max_actions_returning>
	<bounce_rate_returning>71%</bounce_rate_returning>
	<nb_actions_per_visit_returning>1.3</nb_actions_per_visit_returning>
	<avg_time_on_site_returning>16</avg_time_on_site_returning>
</result>