<?xml version="1.0" encoding="utf-8" ?>
<result>
	<nb_uniq_visitors>38</nb_uniq_visitors>
	<nb_visits>38</nb_visits>
	<nb_actions>46</nb_actions>
	<nb_visits_converted>36</nb_visits_converted>
	<bounce_count>32</bounce_count>
	<sum_visit_length>437</sum_visit_length>
	<max_actions>3</max_actions>
	<bounce_rate>84%</bounce_rate>
	<nb_actions_per_visit>1.2</nb_actions_per_visit>
	<avg_time_on_site>12</avg_time_on_site>
</result>