<?xml version="1.0" encoding="utf-8" ?>
<result>
	<row>
		<label>musicforeveryoneradio.be</label>
		<nb_visits>2</nb_visits>
		<nb_actions>2</nb_actions>
		<max_actions>1</max_actions>
		<sum_visit_length>0</sum_visit_length>
		<bounce_count>2</bounce_count>
		<goals>
			<row idgoal='1'>
				<nb_conversions>1</nb_conversions>
				<nb_visits_converted>1</nb_visits_converted>
				<revenue>5</revenue>
			</row>
		</goals>
		<nb_conversions>1</nb_conversions>
		<revenue>5</revenue>
		<nb_visits_converted>0</nb_visits_converted>
		<sum_daily_nb_uniq_visitors>2</sum_daily_nb_uniq_visitors>
		<subtable>
			<row>
				<label>http://musicforeveryoneradio.be:2222/CMD_PLUGINS/installatron/index.raw</label>
				<nb_visits>2</nb_visits>
				<nb_actions>2</nb_actions>
				<max_actions>1</max_actions>
				<sum_visit_length>0</sum_visit_length>
				<bounce_count>2</bounce_count>
				<nb_visits_converted>1</nb_visits_converted>
				<sum_daily_nb_uniq_visitors>2</sum_daily_nb_uniq_visitors>
			</row>
		</subtable>
	</row>
	<row>
		<label>berndjung.com</label>
		<nb_visits>1</nb_visits>
		<nb_actions>1</nb_actions>
		<max_actions>1</max_actions>
		<sum_visit_length>0</sum_visit_length>
		<bounce_count>1</bounce_count>
		<goals>
			<row idgoal='1'>
				<nb_conversions>1</nb_conversions>
				<nb_visits_converted>1</nb_visits_converted>
				<revenue>5</revenue>
			</row>
		</goals>
		<nb_conversions>1</nb_conversions>
		<revenue>5</revenue>
		<sum_daily_nb_uniq_visitors>1</sum_daily_nb_uniq_visitors>
		<subtable>
			<row>
				<label>http://berndjung.com/piwik/index.php?module=CoreHome&amp;action=index&amp;idSite=1&amp;period=day&amp;date=today</label>
				<nb_visits>1</nb_visits>
				<nb_actions>1</nb_actions>
				<max_actions>1</max_actions>
				<sum_visit_length>0</sum_visit_length>
				<bounce_count>1</bounce_count>
				<nb_visits_converted>1</nb_visits_converted>
				<sum_daily_nb_uniq_visitors>1</sum_daily_nb_uniq_visitors>
			</row>
		</subtable>
	</row>
	<row>
		<label>blog.comperiosearch.com</label>
		<nb_visits>1</nb_visits>
		<nb_actions>1</nb_actions>
		<max_actions>1</max_actions>
		<sum_visit_length>0</sum_visit_length>
		<bounce_count>1</bounce_count>
		<goals>
			<row idgoal='1'>
				<nb_conversions>1</nb_conversions>
				<nb_visits_converted>1</nb_visits_converted>
				<revenue>5</revenue>
			</row>
		</goals>
		<nb_conversions>1</nb_conversions>
		<revenue>5</revenue>
		<sum_daily_nb_uniq_visitors>1</sum_daily_nb_uniq_visitors>
		<subtable>
			<row>
				<label>http://blog.comperiosearch.com/blog/2014/02/05/dynamic-search-ranking-using-elasticsearch-neo4j-and-piwik/</label>
				<nb_visits>1</nb_visits>
				<nb_actions>1</nb_actions>
				<max_actions>1</max_actions>
				<sum_visit_length>0</sum_visit_length>
				<bounce_count>1</bounce_count>
				<nb_visits_converted>1</nb_visits_converted>
				<sum_daily_nb_uniq_visitors>1</sum_daily_nb_uniq_visitors>
			</row>
		</subtable>
	</row>
	<row>
		<label>forum.golem.de</label>
		<nb_visits>1</nb_visits>
		<nb_actions>1</nb_actions>
		<max_actions>1</max_actions>
		<sum_visit_length>0</sum_visit_length>
		<bounce_count>1</bounce_count>
		<goals>
			<row idgoal='1'>
				<nb_conversions>1</nb_conversions>
				<nb_visits_converted>1</nb_visits_converted>
				<revenue>5</revenue>
			</row>
		</goals>
		<nb_conversions>1</nb_conversions>
		<revenue>5</revenue>
		<sum_daily_nb_uniq_visitors>1</sum_daily_nb_uniq_visitors>
		<subtable>
			<row>
				<label>http://forum.golem.de/kommentare/security/urteil-zu-tracking-nutzer-muessen-piwik-analyse-widersprechen-koennen/piwik-log-analytics/80715,3669355,3669355,read.html</label>
				<nb_visits>1</nb_visits>
				<nb_actions>1</nb_actions>
				<max_actions>1</max_actions>
				<sum_visit_length>0</sum_visit_length>
				<bounce_count>1</bounce_count>
				<nb_visits_converted>1</nb_visits_converted>
				<sum_daily_nb_uniq_visitors>1</sum_daily_nb_uniq_visitors>
			</row>
		</subtable>
	</row>
	<row>
		<label>piwik.org</label>
		<nb_visits>1</nb_visits>
		<nb_actions>1</nb_actions>
		<max_actions>1</max_actions>
		<sum_visit_length>0</sum_visit_length>
		<bounce_count>1</bounce_count>
		<goals>
			<row idgoal='1'>
				<nb_conversions>1</nb_conversions>
				<nb_visits_converted>1</nb_visits_converted>
				<revenue>5</revenue>
			</row>
		</goals>
		<nb_conversions>1</nb_conversions>
		<revenue>5</revenue>
		<sum_daily_nb_uniq_visitors>1</sum_daily_nb_uniq_visitors>
		<subtable>
			<row>
				<label>http://piwik.org/contribute%</label>
				<nb_visits>1</nb_visits>
				<nb_actions>1</nb_actions>
				<max_actions>1</max_actions>
				<sum_visit_length>0</sum_visit_length>
				<bounce_count>1</bounce_count>
				<nb_visits_converted>1</nb_visits_converted>
				<sum_daily_nb_uniq_visitors>1</sum_daily_nb_uniq_visitors>
			</row>
		</subtable>
	</row>
	<row>
		<label>sn110w.snt110.mail.live.com</label>
		<nb_visits>1</nb_visits>
		<nb_actions>1</nb_actions>
		<max_actions>1</max_actions>
		<sum_visit_length>0</sum_visit_length>
		<bounce_count>1</bounce_count>
		<goals>
			<row idgoal='1'>
				<nb_conversions>1</nb_conversions>
				<nb_visits_converted>1</nb_visits_converted>
				<revenue>5</revenue>
			</row>
		</goals>
		<nb_conversions>1</nb_conversions>
		<revenue>5</revenue>
		<sum_daily_nb_uniq_visitors>1</sum_daily_nb_uniq_visitors>
		<subtable>
			<row>
				<label>http://sn110w.snt110.mail.live.com/mail/InboxLight.aspx?n=184083971</label>
				<nb_visits>1</nb_visits>
				<nb_actions>1</nb_actions>
				<max_actions>1</max_actions>
				<sum_visit_length>0</sum_visit_length>
				<bounce_count>1</bounce_count>
				<nb_visits_converted>1</nb_visits_converted>
				<sum_daily_nb_uniq_visitors>1</sum_daily_nb_uniq_visitors>
			</row>
		</subtable>
	</row>
	<row>
		<label>trends.builtwith.com</label>
		<goals>
			<row idgoal='1'>
				<nb_conversions>1</nb_conversions>
				<nb_visits_converted>1</nb_visits_converted>
				<revenue>5</revenue>
			</row>
		</goals>
		<nb_conversions>1</nb_conversions>
		<revenue>5</revenue>
		<nb_visits>0</nb_visits>
		<subtable>
			<row>
				<label>http://musicforeveryoneradio.be:2222/CMD_PLUGINS/installatron/index.raw</label>
				<nb_visits>1</nb_visits>
				<nb_actions>1</nb_actions>
				<max_actions>1</max_actions>
				<sum_visit_length>0</sum_visit_length>
				<bounce_count>1</bounce_count>
				<nb_visits_converted>0</nb_visits_converted>
				<sum_daily_nb_uniq_visitors>1</sum_daily_nb_uniq_visitors>
			</row>
		</subtable>
	</row>
</result>