<?xml version="1.0" encoding="utf-8" ?>
<result>
	<row>
		<label>Page Name not defined</label>
		<nb_visits>50</nb_visits>
		<nb_uniq_visitors>10</nb_uniq_visitors>
		<nb_hits>50</nb_hits>
		<sum_time_spent>0</sum_time_spent>
		<avg_time_on_page>0</avg_time_on_page>
		<bounce_rate>0%</bounce_rate>
		<exit_rate>0%</exit_rate>
	</row>
	<row>
		<label> title_0</label>
		<nb_visits>1</nb_visits>
		<nb_uniq_visitors>1</nb_uniq_visitors>
		<nb_hits>1</nb_hits>
		<sum_time_spent>0</sum_time_spent>
		<entry_nb_uniq_visitors>1</entry_nb_uniq_visitors>
		<entry_nb_visits>1</entry_nb_visits>
		<entry_nb_actions>1</entry_nb_actions>
		<entry_sum_visit_length>0</entry_sum_visit_length>
		<entry_bounce_count>1</entry_bounce_count>
		<exit_nb_uniq_visitors>1</exit_nb_uniq_visitors>
		<exit_nb_visits>1</exit_nb_visits>
		<avg_time_on_page>0</avg_time_on_page>
		<bounce_rate>100%</bounce_rate>
		<exit_rate>100%</exit_rate>
	</row>
	<row>
		<label>Others</label>
		<nb_visits>24</nb_visits>
		<nb_hits>24</nb_hits>
		<sum_time_spent>0</sum_time_spent>
		<entry_nb_visits>24</entry_nb_visits>
		<entry_nb_actions>24</entry_nb_actions>
		<entry_sum_visit_length>0</entry_sum_visit_length>
		<entry_bounce_count>24</entry_bounce_count>
		<exit_nb_visits>24</exit_nb_visits>
		<avg_time_on_page>0</avg_time_on_page>
		<bounce_rate>100%</bounce_rate>
		<exit_rate>100%</exit_rate>
	</row>
</result>